// Jest Snapshot v1, https://goo.gl/fbAQLP

exports[`Page matches snapshot 1`] = `
<div
  className="comment"
>
  <div
    className="comment-avatar"
  >
    <img
      alt="avatar"
      src="https://wallpaperaccess.com/full/2213448.jpg"
    />
  </div>
  <div
    className="comment-main"
  >
    <div
      className="comment-main-nameplate"
    >
      <span
        className="comment-nickname"
      >
        Feng
      </span>
      <span
        className="comment-username"
      >
        @
        feng3116
      </span>
      <span
        className="comment-date"
      >
         Â· 
        4/27/2021, 8:27:30 AM
      </span>
      <div
        className="dropdown btn-group"
        id="post-dropdown"
        role="group"
      >
        <button
          aria-expanded={false}
          aria-haspopup={true}
          className="dropdown-toggle dropdown-toggle-split btn btn-secondary btn-sm"
          disabled={false}
          id="dropdown-split-basic"
          onClick={[Function]}
          type="button"
        />
      </div>
    </div>
    <div
      className="replying-to"
    >
      <span>
        Replying to @
        feng3116
      </span>
    </div>
    <div
      className="comment-main-content"
    >
      test comment
    </div>
  </div>
</div>
`;
